# Generated by sibyl

FROM stencila/alpha-base
RUN add-apt-repository ppa:fkrull/deadsnakes \
 && apt-get update \
 && apt-get install -y python3 python3-dev python3-pip \
 && apt-get clean \
 && rm -rf /var/lib/apt/lists
COPY requirements.txt requirements.txt
RUN pip3 install --upgrade pip \
 && pip3 install -r requirements.txt
