# Generated by sibyl

FROM stencila/alpha
COPY stencila.tar.gz stencila.tar.gz
RUN tar xf stencila.tar.gz && rm stencila.tar.gz
