FROM stencila/iota
COPY . .
RUN add-apt-repository 'deb [arch=amd64,i386] https://cran.rstudio.com/bin/linux/ubuntu xenial/' \
 && apt-key adv --keyserver keyserver.ubuntu.com --recv-keys E084DAB9 \
 && apt-get update \
 && apt-get install -y --no-install-recommends r-base-core r-base-dev \
 && apt-get clean \
 && rm -rf /var/lib/apt/lists
RUN Rscript .sibyl/r-requires.R
