# A custom Dockerfile provided by the user

FROM stencila/alpha-base
