# Generated by sibyl

FROM stencila/alpha-base
RUN apt-get update \
 && apt-get install -y python python-dev python-pip \
 && apt-get clean \
 && rm -rf /var/lib/apt/lists
COPY requirements.txt requirements.txt
RUN pip install --upgrade pip \
 && pip install -r requirements.txt
COPY image.json image.json
COPY reflect.sh reflect.sh
RUN bash reflect.sh > reflection.json
