FROM stencila/iota
COPY . .
RUN apt-get update \
 && apt-get install -y python python-dev python-pip \
 && apt-get clean \
 && rm -rf /var/lib/apt/lists
RUN pip install --upgrade pip \
 && pip install -r ".sibyl/py-requires.txt"
