# Generated by sibyl

FROM stencila/alpha-base
RUN curl -s "https://deb.nodesource.com/node_7.x/pool/main/n/nodejs/nodejs_7.9.0-1nodesource1~xenial1_amd64.deb" > node.deb \
 && dpkg -i node.deb \
 && rm node.deb
COPY node-requires.txt node-requires.txt
RUN cat node-requires.txt | xargs npm install --global
COPY image.json image.json
COPY reflect.sh reflect.sh
RUN bash reflect.sh > reflection.json
