# Generated by sibyl

FROM stencila/alpha-base
RUN curl -sL "https://deb.nodesource.com/setup_7.x" | bash \
 && apt-get install -y nodejs
COPY node-requires.txt node-requires.txt
RUN cat node-requires.txt | xargs npm install --global
